
	<div class="stellarwp-uplink__license-field">
		<div
			class="stellarwp-uplink-license-key-field"
			id="/var/www/html/wp-content/plugins/uplink/tests/service-oauth-with-license-key-field-1.php"
			data-slug="/var/www/html/wp-content/plugins/uplink/tests/service-oauth-with-license-key-field-1.php"
			data-plugin="/var/www/html/wp-content/plugins/uplink/tests/service-oauth-with-license-key-field-1.php"
			data-plugin-slug="service-oauth-with-license-key-field-1"
			data-action="test"
		>
			<fieldset class="stellarwp-uplink__settings-group">
				<input type='hidden' name='option_page' value='stellarwp_uplink_group_service-oauth-with-license-key-field-1' /><input type="hidden" name="action" value="update" /><input type="hidden" id="_wpnonce" name="_wpnonce" value="535281edcd" /><input type="hidden" name="_wp_http_referer" value="" />
				
				<input
					type="text"
					name=""
					value=""
					placeholder="License key"
					class="regular-text stellarwp-uplink__settings-field"
				/>
									
<div class="uplink-authorize-container">
	<a href="https://licensing.stellarwp.com/account-auth?uplink_callback=aHR0cDovL3dvcmRwcmVzcy50ZXN0L3dwLWFkbWluL2luZGV4LnBocD91cGxpbmtfZG9tYWluPWh0dHAlM0ElMkYlMkZ3b3JkcHJlc3MudGVzdCZ1cGxpbmtfc2x1Zz1zZXJ2aWNlLW9hdXRoLXdpdGgtbGljZW5zZS1rZXktZmllbGQtMSZfdXBsaW5rX25vbmNlPTUzNTI4MWVkY2Q1MzUyODFlZA%3D%3D"
	   target="_blank"
	   class="button uplink-authorize not-authorized"	   data-plugin-slug="service-oauth-with-license-key-field-1"
	>
		Connect	</a>
</div>

								<p class="tooltip description">
	A valid license key is required for support and updates</p>
<div class="license-test-results">
	<img src="http://wordpress.test/wp-admin/images/wpspin_light.gif" class="ajax-loading-license" alt="Loading" style="display: none"/>
	<div class="key-validity"></div>
</div>
			</fieldset>
			<input type="hidden" class="wp-nonce-fluent" name="stellarwp-uplink-license-key-nonce__service-oauth-with-license-key-field-1" value="535281edcd" />		</div>
	</div>
