<div class="stellarwp-uplink" data-js="stellarwp-uplink">
	<div class="stellarwp-uplink__settings">
				<form method="post" action="options.php">
							
				<div class="stellarwp-uplink__license-field">
					<div
						class="stellarwp-uplink-license-key-field"
						id="/var/www/html/wp-content/plugins/uplink/tests/service2.php"
						data-slug="/var/www/html/wp-content/plugins/uplink/tests/service2.php"
						data-plugin="/var/www/html/wp-content/plugins/uplink/tests/service2.php"
						data-plugin-slug="service-2"
						data-action="test"
					>
						<fieldset class="stellarwp-uplink__settings-group">
							<input type='hidden' name='option_page' value='stellarwp_uplink_group_service-2' /><input type="hidden" name="action" value="update" /><input type="hidden" id="_wpnonce" name="_wpnonce" value="123456789" /><input type="hidden" name="_wp_http_referer" value="" />							<input
								type="text"
								name="field-service-2"
								value=""
								placeholder="License key"
								class="regular-text stellarwp-uplink__settings-field"
							/>
							<p class="tooltip description">
	A valid license key is required for support and updates</p>
<div class="license-test-results">
	<img src="http://wordpress.test/wp-admin/images/wpspin_light.gif" class="ajax-loading-license" alt="Loading" style="display: none"/>
	<div class="key-validity"></div>
</div>
						</fieldset>
						<input type="hidden" class="wp-nonce-fluent" name="stellarwp-uplink-license-key-nonce__service-2" value="123456789" />					</div>
				</div>
										<p class="submit"><input type="submit" name="submit" id="submit" class="button button-primary" value="Save Changes"  /></p>					</form>
			</div>
</div>
