<div class="stellarwp-uplink" data-js="stellarwp-uplink">
	<div class="stellarwp-uplink__settings">
				<form method="post" action="options.php">
																	<p class="submit"><input type="submit" name="submit" id="submit" class="button button-primary" value="Save Changes"  /></p>					</form>
			</div>
</div>
